Archive member included because of file (symbol)

/usr/bin/../lib/gcc/arm-none-eabi/4.9.3/../../../../arm-none-eabi/lib/armv7-m/libg.a(lib_a-exit.o)
                              /usr/bin/../lib/gcc/arm-none-eabi/4.9.3/../../../../arm-none-eabi/lib/armv7-m/crt0.o (exit)
/usr/bin/../lib/gcc/arm-none-eabi/4.9.3/../../../../arm-none-eabi/lib/armv7-m/libg.a(lib_a-impure.o)
                              /usr/bin/../lib/gcc/arm-none-eabi/4.9.3/../../../../arm-none-eabi/lib/armv7-m/libg.a(lib_a-exit.o) (_global_impure_ptr)
/usr/bin/../lib/gcc/arm-none-eabi/4.9.3/../../../../arm-none-eabi/lib/armv7-m/libg.a(lib_a-init.o)
                              /usr/bin/../lib/gcc/arm-none-eabi/4.9.3/../../../../arm-none-eabi/lib/armv7-m/crt0.o (__libc_init_array)
/usr/bin/../lib/gcc/arm-none-eabi/4.9.3/../../../../arm-none-eabi/lib/armv7-m/libg.a(lib_a-memset.o)
                              /usr/bin/../lib/gcc/arm-none-eabi/4.9.3/../../../../arm-none-eabi/lib/armv7-m/crt0.o (memset)
/usr/bin/../lib/gcc/arm-none-eabi/4.9.3/../../../../arm-none-eabi/lib/armv7-m/libg.a(lib_a-__call_atexit.o)
                              /usr/bin/../lib/gcc/arm-none-eabi/4.9.3/../../../../arm-none-eabi/lib/armv7-m/libg.a(lib_a-exit.o) (__call_exitprocs)
/usr/bin/../lib/gcc/arm-none-eabi/4.9.3/../../../../arm-none-eabi/lib/armv7-m/libg.a(lib_a-atexit.o)
                              /usr/bin/../lib/gcc/arm-none-eabi/4.9.3/../../../../arm-none-eabi/lib/armv7-m/libg.a(lib_a-__call_atexit.o) (atexit)
/usr/bin/../lib/gcc/arm-none-eabi/4.9.3/../../../../arm-none-eabi/lib/armv7-m/libg.a(lib_a-fini.o)
                              /usr/bin/../lib/gcc/arm-none-eabi/4.9.3/../../../../arm-none-eabi/lib/armv7-m/libg.a(lib_a-__call_atexit.o) (__libc_fini_array)
/usr/bin/../lib/gcc/arm-none-eabi/4.9.3/../../../../arm-none-eabi/lib/armv7-m/libg.a(lib_a-__atexit.o)
                              /usr/bin/../lib/gcc/arm-none-eabi/4.9.3/../../../../arm-none-eabi/lib/armv7-m/libg.a(lib_a-atexit.o) (__register_exitproc)

Discarded input sections

 .text          0x0000000000000000        0x0 /usr/bin/../lib/gcc/arm-none-eabi/4.9.3/armv7-m/crti.o
 .data          0x0000000000000000        0x0 /usr/bin/../lib/gcc/arm-none-eabi/4.9.3/armv7-m/crti.o
 .bss           0x0000000000000000        0x0 /usr/bin/../lib/gcc/arm-none-eabi/4.9.3/armv7-m/crti.o
 .init          0x0000000000000000        0x4 /usr/bin/../lib/gcc/arm-none-eabi/4.9.3/armv7-m/crti.o
 .fini          0x0000000000000000        0x4 /usr/bin/../lib/gcc/arm-none-eabi/4.9.3/armv7-m/crti.o
 .ARM.attributes
                0x0000000000000000       0x1d /usr/bin/../lib/gcc/arm-none-eabi/4.9.3/armv7-m/crti.o
 .text          0x0000000000000000       0x5c /usr/bin/../lib/gcc/arm-none-eabi/4.9.3/armv7-m/crtbegin.o
 .data          0x0000000000000000        0x4 /usr/bin/../lib/gcc/arm-none-eabi/4.9.3/armv7-m/crtbegin.o
 .bss           0x0000000000000000       0x1c /usr/bin/../lib/gcc/arm-none-eabi/4.9.3/armv7-m/crtbegin.o
 .init_array    0x0000000000000000        0x4 /usr/bin/../lib/gcc/arm-none-eabi/4.9.3/armv7-m/crtbegin.o
 .fini_array    0x0000000000000000        0x4 /usr/bin/../lib/gcc/arm-none-eabi/4.9.3/armv7-m/crtbegin.o
 .eh_frame      0x0000000000000000        0x0 /usr/bin/../lib/gcc/arm-none-eabi/4.9.3/armv7-m/crtbegin.o
 .jcr           0x0000000000000000        0x0 /usr/bin/../lib/gcc/arm-none-eabi/4.9.3/armv7-m/crtbegin.o
 .ARM.attributes
                0x0000000000000000       0x2d /usr/bin/../lib/gcc/arm-none-eabi/4.9.3/armv7-m/crtbegin.o
 .text          0x0000000000000000       0x74 /usr/bin/../lib/gcc/arm-none-eabi/4.9.3/../../../../arm-none-eabi/lib/armv7-m/crt0.o
 .data          0x0000000000000000        0x0 /usr/bin/../lib/gcc/arm-none-eabi/4.9.3/../../../../arm-none-eabi/lib/armv7-m/crt0.o
 .bss           0x0000000000000000        0x0 /usr/bin/../lib/gcc/arm-none-eabi/4.9.3/../../../../arm-none-eabi/lib/armv7-m/crt0.o
 .ARM.extab     0x0000000000000000        0x0 /usr/bin/../lib/gcc/arm-none-eabi/4.9.3/../../../../arm-none-eabi/lib/armv7-m/crt0.o
 .ARM.exidx     0x0000000000000000        0x8 /usr/bin/../lib/gcc/arm-none-eabi/4.9.3/../../../../arm-none-eabi/lib/armv7-m/crt0.o
 .ARM.attributes
                0x0000000000000000       0x1b /usr/bin/../lib/gcc/arm-none-eabi/4.9.3/../../../../arm-none-eabi/lib/armv7-m/crt0.o
 .group         0x0000000000000000        0x8 ./source/basic_rf.o
 .group         0x0000000000000000        0x8 ./source/basic_rf.o
 .group         0x0000000000000000        0x8 ./source/basic_rf.o
 .group         0x0000000000000000        0x8 ./source/basic_rf.o
 .group         0x0000000000000000        0x8 ./source/basic_rf.o
 .group         0x0000000000000000        0x8 ./source/basic_rf.o
 .group         0x0000000000000000        0x8 ./source/basic_rf.o
 .group         0x0000000000000000        0x8 ./source/basic_rf.o
 .group         0x0000000000000000        0x8 ./source/basic_rf.o
 .group         0x0000000000000000        0x8 ./source/basic_rf.o
[...]
Memory Configuration

Name             Origin             Length             Attributes
FLASH            0x0000000000200000 0x000000000007ffd4 xr
FLASH_CCA        0x000000000027ffd4 0x000000000000000c xr
SRAM             0x0000000020004000 0x0000000000004000 xrw
*default*        0x0000000000000000 0xffffffffffffffff

Linker script and memory map

LOAD /usr/bin/../lib/gcc/arm-none-eabi/4.9.3/armv7-m/crti.o
LOAD /usr/bin/../lib/gcc/arm-none-eabi/4.9.3/armv7-m/crtbegin.o
LOAD /usr/bin/../lib/gcc/arm-none-eabi/4.9.3/../../../../arm-none-eabi/lib/armv7-m/crt0.o
LOAD ./source/basic_rf.o
LOAD ./source/hal_int.o
LOAD ./source/hal_rf.o
LOAD ./source/hal_timer_32k.o
LOAD ./source/main.o
LOAD ./driverlib/source/adc.o
LOAD ./driverlib/source/aes.o
LOAD ./driverlib/source/ccm.o
LOAD ./driverlib/source/cpu.o
LOAD ./driverlib/source/debug.o
LOAD ./driverlib/source/flash.o
LOAD ./driverlib/source/gpio.o
LOAD ./driverlib/source/gptimer.o
LOAD ./driverlib/source/i2c.o
LOAD ./driverlib/source/interrupt.o
LOAD ./driverlib/source/ioc.o
LOAD ./driverlib/source/pka.o
LOAD ./driverlib/source/sha256.o
LOAD ./driverlib/source/sleepmode.o
LOAD ./driverlib/source/ssi.o
LOAD ./driverlib/source/startup_gcc.o
LOAD ./driverlib/source/sys_ctrl.o
LOAD ./driverlib/source/systick.o
LOAD ./driverlib/source/uart.o
LOAD ./driverlib/source/uartstdio.o
LOAD ./driverlib/source/udma.o
LOAD ./driverlib/source/watchdog.o
START GROUP
LOAD /usr/bin/../lib/gcc/arm-none-eabi/4.9.3/armv7-m/libgcc.a
LOAD /usr/bin/../lib/gcc/arm-none-eabi/4.9.3/../../../../arm-none-eabi/lib/armv7-m/libg.a
LOAD /usr/bin/../lib/gcc/arm-none-eabi/4.9.3/../../../../arm-none-eabi/lib/armv7-m/libc.a
END GROUP
LOAD /usr/bin/../lib/gcc/arm-none-eabi/4.9.3/armv7-m/crtend.o
LOAD /usr/bin/../lib/gcc/arm-none-eabi/4.9.3/armv7-m/crtn.o

.text           0x0000000000200000     0x1154
                0x0000000000200000                _text = .
 *(.vectors)
 .vectors       0x0000000000200000      0x28c ./driverlib/source/startup_gcc.o
                0x0000000000200000                gVectors
 *(.text*)
 .text.basicRfBuildHeader
                0x000000000020028c       0x80 ./source/basic_rf.o
 .text.basicRfBuildMpdu
                0x000000000020030c       0x5c ./source/basic_rf.o
 .text.basicRfRxFrmDoneIsr
                0x0000000000200368      0x140 ./source/basic_rf.o
 .text.basicRfInit
                0x00000000002004a8       0x7c ./source/basic_rf.o
                0x00000000002004a8                basicRfInit
 .text.basicRfSendPacket
                0x0000000000200524       0xd8 ./source/basic_rf.o
                0x0000000000200524                basicRfSendPacket
 .text.basicRfReceiveOff
                0x00000000002005fc       0x14 ./source/basic_rf.o
                0x00000000002005fc                basicRfReceiveOff
 .text.halIntOn
                0x0000000000200610        0xc ./source/hal_int.o
                0x0000000000200610                halIntOn
 .text.halIntOff
                0x000000000020061c        0xc ./source/hal_int.o
                0x000000000020061c                halIntOff
 .text.halRfInit
                0x0000000000200628       0x98 ./source/hal_rf.o
                0x0000000000200628                halRfInit
 .text.halRfSetChannel
                0x00000000002006c0       0x2c ./source/hal_rf.o
                0x00000000002006c0                halRfSetChannel
 .text.halRfSetShortAddr
                0x00000000002006ec       0x30 ./source/hal_rf.o
                0x00000000002006ec                halRfSetShortAddr
 .text.halRfSetPanId
                0x000000000020071c       0x30 ./source/hal_rf.o
                0x000000000020071c                halRfSetPanId
 .text.halRfSetTxPower
                0x000000000020074c      0x138 ./source/hal_rf.o
                0x000000000020074c                halRfSetTxPower
 .text.halRfSetGain
                0x0000000000200884       0x70 ./source/hal_rf.o
                0x0000000000200884                halRfSetGain
 .text.halRfWriteTxBuf
                0x00000000002008f4       0x54 ./source/hal_rf.o
                0x00000000002008f4                halRfWriteTxBuf
 .text.halRfReadRxBuf
                0x0000000000200948       0x38 ./source/hal_rf.o
                0x0000000000200948                halRfReadRxBuf
 .text.halRfTransmit
                0x0000000000200980       0x38 ./source/hal_rf.o
                0x0000000000200980                halRfTransmit
 .text.halRfReceiveOn
                0x00000000002009b8       0x1c ./source/hal_rf.o
                0x00000000002009b8                halRfReceiveOn
 .text.halRfReceiveOff
                0x00000000002009d4       0x1c ./source/hal_rf.o
                0x00000000002009d4                halRfReceiveOff
 .text.halRfDisableRxInterrupt
                0x00000000002009f0       0x1c ./source/hal_rf.o
                0x00000000002009f0                halRfDisableRxInterrupt
 .text.halRfEnableRxInterrupt
                0x0000000000200a0c       0x1c ./source/hal_rf.o
                0x0000000000200a0c                halRfEnableRxInterrupt
 .text.halRfRxInterruptConfig
                0x0000000000200a28       0x1c ./source/hal_rf.o
                0x0000000000200a28                halRfRxInterruptConfig
 .text.halRfWaitTransceiverReady
                0x0000000000200a44       0x20 ./source/hal_rf.o
                0x0000000000200a44                halRfWaitTransceiverReady
 .text.halRfPaLnaInit
                0x0000000000200a64       0x60 ./source/hal_rf.o
 .text.halRfIsr
                0x0000000000200ac4       0x3c ./source/hal_rf.o
 .text.halTimer32kInit
                0x0000000000200b00       0x30 ./source/hal_timer_32k.o
                0x0000000000200b00                halTimer32kInit
 .text.halTimer32kIntConnect
                0x0000000000200b30       0x3c ./source/hal_timer_32k.o
                0x0000000000200b30                halTimer32kIntConnect
 .text.halTimer32kIntEnable
                0x0000000000200b6c       0x14 ./source/hal_timer_32k.o
                0x0000000000200b6c                halTimer32kIntEnable
 .text.halTimer32kIsr
                0x0000000000200b80       0x30 ./source/hal_timer_32k.o
 .text.main     0x0000000000200bb0       0xc4 ./source/main.o
                0x0000000000200bb0                main
 .text.appTimerIsr
                0x0000000000200c74       0x18 ./source/main.o
 .text.CPUcpsid
                0x0000000000200c8c       0x10 ./driverlib/source/cpu.o
                0x0000000000200c8c                CPUcpsid
 .text.CPUcpsie
                0x0000000000200c9c       0x10 ./driverlib/source/cpu.o
                0x0000000000200c9c                CPUcpsie
 .text.IntMasterEnable
                0x0000000000200cac       0x18 ./driverlib/source/interrupt.o
                0x0000000000200cac                IntMasterEnable
 .text.IntMasterDisable
                0x0000000000200cc4       0x18 ./driverlib/source/interrupt.o
                0x0000000000200cc4                IntMasterDisable
 .text.IntRegister
                0x0000000000200cdc       0x64 ./driverlib/source/interrupt.o
                0x0000000000200cdc                IntRegister
 .text.IntPrioritySet
                0x0000000000200d40       0x64 ./driverlib/source/interrupt.o
                0x0000000000200d40                IntPrioritySet
 .text.IntEnable
                0x0000000000200da4       0x94 ./driverlib/source/interrupt.o
                0x0000000000200da4                IntEnable
 .text.IntDisable
                0x0000000000200e38       0x94 ./driverlib/source/interrupt.o
                0x0000000000200e38                IntDisable
 .text.IntPendClear
                0x0000000000200ecc       0x68 ./driverlib/source/interrupt.o
                0x0000000000200ecc                IntPendClear
 .text.SleepModeIntRegister
                0x0000000000200f34       0x1c ./driverlib/source/sleepmode.o
                0x0000000000200f34                SleepModeIntRegister
 .text.SleepModeTimerCountGet
                0x0000000000200f50       0x50 ./driverlib/source/sleepmode.o
                0x0000000000200f50                SleepModeTimerCountGet
 .text.SleepModeTimerCompareSet
                0x0000000000200fa0       0x58 ./driverlib/source/sleepmode.o
                0x0000000000200fa0                SleepModeTimerCompareSet
 .text.NmiSR    0x0000000000200ff8        0xc ./driverlib/source/startup_gcc.o
                0x0000000000200ff8                NmiSR
 .text.FaultISR
                0x0000000000201004        0x8 ./driverlib/source/startup_gcc.o
                0x0000000000201004                FaultISR
 .text.IntDefaultHandler
                0x000000000020100c        0x8 ./driverlib/source/startup_gcc.o
                0x000000000020100c                IntDefaultHandler
 .text.ResetISR
                0x0000000000201014       0x60 ./driverlib/source/startup_gcc.o
                0x0000000000201014                ResetISR
 *(.rodata*)
 .rodata.g_pui32Regs
                0x0000000000201074       0xa4 ./driverlib/source/interrupt.o
 .rodata.g_pui32EnRegs
                0x0000000000201118       0x14 ./driverlib/source/interrupt.o
 .rodata.g_pui32DisRegs
                0x000000000020112c       0x14 ./driverlib/source/interrupt.o
 .rodata.g_pui32UnpendRegs
                0x0000000000201140       0x14 ./driverlib/source/interrupt.o
                0x0000000000201154                _etext = .

.glue_7         0x0000000000201154        0x0
 .glue_7        0x0000000000000000        0x0 linker stubs

.glue_7t        0x0000000000201154        0x0
 .glue_7t       0x0000000000000000        0x0 linker stubs

.vfp11_veneer   0x0000000000201154        0x0
 .vfp11_veneer  0x0000000000000000        0x0 linker stubs

.v4_bx          0x0000000000201154        0x0
 .v4_bx         0x0000000000000000        0x0 linker stubs

.iplt           0x0000000000201154        0x0
 .iplt          0x0000000000000000        0x0 /usr/bin/../lib/gcc/arm-none-eabi/4.9.3/armv7-m/crtbegin.o

.data           0x0000000020004000      0x411 load address 0x0000000000201154
                0x0000000020004000                _data = .
 *(vtable)
 vtable         0x0000000020004000      0x400 ./driverlib/source/interrupt.o
 *(.data*)
 .data.rxi      0x0000000020004400       0x10 ./source/basic_rf.o
 .data.rssiOffset
                0x0000000020004410        0x1 ./source/hal_rf.o
                0x0000000020004411                _edata = .

.igot.plt       0x0000000020004414        0x0 load address 0x0000000000201568
 .igot.plt      0x0000000000000000        0x0 /usr/bin/../lib/gcc/arm-none-eabi/4.9.3/armv7-m/crtbegin.o

.ARM.exidx
 *(.ARM.exidx*)

.bss            0x0000000020004414      0x384 load address 0x0000000000201568
                0x0000000020004414                _bss = .
 *(.bss*)
 .bss.txState   0x0000000020004414        0x8 ./source/basic_rf.o
 .bss.pConfig   0x000000002000441c        0x4 ./source/basic_rf.o
 .bss.txMpdu    0x0000000020004420       0x74 ./source/basic_rf.o
 .bss.rxMpdu    0x0000000020004494       0x80 ./source/basic_rf.o
 .bss.pfISR     0x0000000020004514        0x4 ./source/hal_rf.o
 .bss.halRfEmModule
                0x0000000020004518        0x1 ./source/hal_rf.o
 *fill*         0x0000000020004519        0x3 
 .bss.ulHalTimer32kInterval
                0x000000002000451c        0x4 ./source/hal_timer_32k.o
 .bss.pFptr     0x0000000020004520        0x4 ./source/hal_timer_32k.o
 .bss.perConfig
                0x0000000020004524       0x10 ./source/main.o
                0x0000000020004524                perConfig
 .bss.basicRfConfig
                0x0000000020004534        0x8 ./source/main.o
 .bss.tTxPacket
                0x000000002000453c       0x5c ./source/main.o
 .bss.pui32Stack
                0x0000000020004598      0x200 ./driverlib/source/startup_gcc.o
 *(COMMON)
                0x0000000020004798                _ebss = .

.flashcca       0x000000000027ffd4        0xc
 *(.flashcca)
 .flashcca      0x000000000027ffd4        0xc ./driverlib/source/startup_gcc.o
                0x000000000027ffd4                __cca
OUTPUT(RF.elf elf32-littlearm)

.rel.dyn        0x000000000027ffe0        0x0
 .rel.iplt      0x0000000000000000        0x0 /usr/bin/../lib/gcc/arm-none-eabi/4.9.3/armv7-m/crtbegin.o

.debug_info     0x0000000000000000     0x1718
 .debug_info    0x0000000000000000      0x520 ./source/basic_rf.o
 .debug_info    0x0000000000000520       0xea ./source/hal_int.o
 .debug_info    0x000000000000060a      0x4bb ./source/hal_rf.o
 .debug_info    0x0000000000000ac5      0x149 ./source/hal_timer_32k.o
 .debug_info    0x0000000000000c0e      0x1f2 ./source/main.o
 .debug_info    0x0000000000000e00      0x177 ./driverlib/source/cpu.o
 .debug_info    0x0000000000000f77      0x422 ./driverlib/source/interrupt.o
 .debug_info    0x0000000000001399      0x1c5 ./driverlib/source/sleepmode.o
 .debug_info    0x000000000000155e      0x1ba ./driverlib/source/startup_gcc.o

.debug_abbrev   0x0000000000000000      0x9dd
 .debug_abbrev  0x0000000000000000      0x195 ./source/basic_rf.o
 .debug_abbrev  0x0000000000000195       0xba ./source/hal_int.o
 .debug_abbrev  0x000000000000024f      0x1bc ./source/hal_rf.o
 .debug_abbrev  0x000000000000040b       0xb0 ./source/hal_timer_32k.o
 .debug_abbrev  0x00000000000004bb       0xba ./source/main.o
 .debug_abbrev  0x0000000000000575       0xcd ./driverlib/source/cpu.o
 .debug_abbrev  0x0000000000000642      0x183 ./driverlib/source/interrupt.o
 .debug_abbrev  0x00000000000007c5      0x111 ./driverlib/source/sleepmode.o
 .debug_abbrev  0x00000000000008d6      0x107 ./driverlib/source/startup_gcc.o

.debug_aranges  0x0000000000000000      0x380
 .debug_aranges
                0x0000000000000000       0x68 ./source/basic_rf.o
 .debug_aranges
                0x0000000000000068       0x38 ./source/hal_int.o
 .debug_aranges
                0x00000000000000a0       0xe0 ./source/hal_rf.o
 .debug_aranges
                0x0000000000000180       0x48 ./source/hal_timer_32k.o
 .debug_aranges
                0x00000000000001c8       0x28 ./source/main.o
 .debug_aranges
                0x00000000000001f0       0x58 ./driverlib/source/cpu.o
 .debug_aranges
                0x0000000000000248       0xa8 ./driverlib/source/interrupt.o
 .debug_aranges
                0x00000000000002f0       0x58 ./driverlib/source/sleepmode.o
 .debug_aranges
                0x0000000000000348       0x38 ./driverlib/source/startup_gcc.o

.debug_ranges   0x0000000000000000      0x2f0
 .debug_ranges  0x0000000000000000       0x58 ./source/basic_rf.o
 .debug_ranges  0x0000000000000058       0x28 ./source/hal_int.o
 .debug_ranges  0x0000000000000080       0xd0 ./source/hal_rf.o
 .debug_ranges  0x0000000000000150       0x38 ./source/hal_timer_32k.o
 .debug_ranges  0x0000000000000188       0x18 ./source/main.o
 .debug_ranges  0x00000000000001a0       0x48 ./driverlib/source/cpu.o
 .debug_ranges  0x00000000000001e8       0x98 ./driverlib/source/interrupt.o
 .debug_ranges  0x0000000000000280       0x48 ./driverlib/source/sleepmode.o
 .debug_ranges  0x00000000000002c8       0x28 ./driverlib/source/startup_gcc.o

.debug_macro    0x0000000000000000     0x69f7
 .debug_macro   0x0000000000000000      0x13a ./source/basic_rf.o
 .debug_macro   0x000000000000013a      0x850 ./source/basic_rf.o
 .debug_macro   0x000000000000098a       0xb5 ./source/basic_rf.o
 .debug_macro   0x0000000000000a3f       0x10 ./source/basic_rf.o
 .debug_macro   0x0000000000000a4f       0x22 ./source/basic_rf.o
 .debug_macro   0x0000000000000a71       0x44 ./source/basic_rf.o
 .debug_macro   0x0000000000000ab5       0x1c ./source/basic_rf.o
 .debug_macro   0x0000000000000ad1      0x1f7 ./source/basic_rf.o
 .debug_macro   0x0000000000000cc8       0x22 ./source/basic_rf.o
 .debug_macro   0x0000000000000cea       0x28 ./source/basic_rf.o
 .debug_macro   0x0000000000000d12       0x9a ./source/basic_rf.o
 .debug_macro   0x0000000000000dac       0x2d ./source/hal_int.o
 .debug_macro   0x0000000000000dd9       0x16 ./source/hal_int.o
 .debug_macro   0x0000000000000def      0x20e ./source/hal_rf.o
 .debug_macro   0x0000000000000ffd       0xa0 ./source/hal_rf.o
 .debug_macro   0x000000000000109d       0xe2 ./source/hal_rf.o
 .debug_macro   0x000000000000117f      0x289 ./source/hal_rf.o
 .debug_macro   0x0000000000001408      0x112 ./source/hal_rf.o
 .debug_macro   0x000000000000151a       0x4c ./source/hal_rf.o
 .debug_macro   0x0000000000001566      0x1c3 ./source/hal_rf.o
 .debug_macro   0x0000000000001729      0x402 ./source/hal_rf.o
 .debug_macro   0x0000000000001b2b      0xe13 ./source/hal_rf.o
 .debug_macro   0x000000000000293e      0x7cd ./source/hal_rf.o
 .debug_macro   0x000000000000310b      0xc2c ./source/hal_rf.o
 .debug_macro   0x0000000000003d37      0x6f9 ./source/hal_rf.o
 .debug_macro   0x0000000000004430      0x195 ./source/hal_rf.o
 .debug_macro   0x00000000000045c5       0xa5 ./source/hal_timer_32k.o
 .debug_macro   0x000000000000466a       0x10 ./source/hal_timer_32k.o
 .debug_macro   0x000000000000467a       0x58 ./source/hal_timer_32k.o
 .debug_macro   0x00000000000046d2      0x120 ./source/main.o
 .debug_macro   0x00000000000047f2       0x94 ./source/main.o
 .debug_macro   0x0000000000004886       0xd6 ./source/main.o
 .debug_macro   0x000000000000495c       0x6d ./driverlib/source/cpu.o
 .debug_macro   0x00000000000049c9       0x9a ./driverlib/source/interrupt.o
 .debug_macro   0x0000000000004a63     0x1d4c ./driverlib/source/interrupt.o
 .debug_macro   0x00000000000067af       0x10 ./driverlib/source/interrupt.o
 .debug_macro   0x00000000000067bf       0xa0 ./driverlib/source/sleepmode.o
 .debug_macro   0x000000000000685f      0x12f ./driverlib/source/sleepmode.o
 .debug_macro   0x000000000000698e       0x69 ./driverlib/source/startup_gcc.o

.debug_line     0x0000000000000000     0x159a
 .debug_line    0x0000000000000000      0x308 ./source/basic_rf.o
 .debug_line    0x0000000000000308       0xa4 ./source/hal_int.o
 .debug_line    0x00000000000003ac      0x46d ./source/hal_rf.o
 .debug_line    0x0000000000000819      0x23d ./source/hal_timer_32k.o
 .debug_line    0x0000000000000a56      0x219 ./source/main.o
 .debug_line    0x0000000000000c6f      0x1fd ./driverlib/source/cpu.o
 .debug_line    0x0000000000000e6c      0x354 ./driverlib/source/interrupt.o
 .debug_line    0x00000000000011c0      0x25c ./driverlib/source/sleepmode.o
 .debug_line    0x000000000000141c      0x17e ./driverlib/source/startup_gcc.o

.debug_str      0x0000000000000000    0x1d7ac
 .debug_str     0x0000000000000000     0x3cd1 ./source/basic_rf.o
                                       0x3e2a (size before relaxing)
 .debug_str     0x0000000000003cd1       0x5b ./source/hal_int.o
                                       0x28ce (size before relaxing)
 .debug_str     0x0000000000003d2c    0x110a2 ./source/hal_rf.o
                                      0x148c6 (size before relaxing)
 .debug_str     0x0000000000014dce      0x2be ./source/hal_timer_32k.o
                                       0x3a73 (size before relaxing)
 .debug_str     0x000000000001508c      0x892 ./source/main.o
                                       0x4750 (size before relaxing)
 .debug_str     0x000000000001591e       0x97 ./driverlib/source/cpu.o
                                       0x31be (size before relaxing)
 .debug_str     0x00000000000159b5     0x7679 ./driverlib/source/interrupt.o
                                       0xd038 (size before relaxing)
 .debug_str     0x000000000001d02e      0x647 ./driverlib/source/sleepmode.o
                                       0x3f46 (size before relaxing)
 .debug_str     0x000000000001d675      0x137 ./driverlib/source/startup_gcc.o
                                       0x3081 (size before relaxing)

.comment        0x0000000000000000       0x70
 .comment       0x0000000000000000       0x70 ./source/basic_rf.o
                                         0x71 (size before relaxing)
 .comment       0x0000000000000000       0x71 ./source/hal_int.o
 .comment       0x0000000000000000       0x71 ./source/hal_rf.o
 .comment       0x0000000000000000       0x71 ./source/hal_timer_32k.o
 .comment       0x0000000000000000       0x71 ./source/main.o
 .comment       0x0000000000000000       0x71 ./driverlib/source/cpu.o
 .comment       0x0000000000000000       0x71 ./driverlib/source/interrupt.o
 .comment       0x0000000000000000       0x71 ./driverlib/source/sleepmode.o
 .comment       0x0000000000000000       0x71 ./driverlib/source/startup_gcc.o

.ARM.attributes
                0x0000000000000000       0x29
 .ARM.attributes
                0x0000000000000000       0x33 ./source/basic_rf.o
 .ARM.attributes
                0x0000000000000033       0x33 ./source/hal_int.o
 .ARM.attributes
                0x0000000000000066       0x33 ./source/hal_rf.o
 .ARM.attributes
                0x0000000000000099       0x33 ./source/hal_timer_32k.o
 .ARM.attributes
                0x00000000000000cc       0x33 ./source/main.o
 .ARM.attributes
                0x00000000000000ff       0x33 ./driverlib/source/cpu.o
 .ARM.attributes
                0x0000000000000132       0x33 ./driverlib/source/interrupt.o
 .ARM.attributes
                0x0000000000000165       0x33 ./driverlib/source/sleepmode.o
 .ARM.attributes
                0x0000000000000198       0x33 ./driverlib/source/startup_gcc.o

.debug_frame    0x0000000000000000      0xb74
 .debug_frame   0x0000000000000000      0x168 ./source/basic_rf.o
 .debug_frame   0x0000000000000168       0x98 ./source/hal_int.o
 .debug_frame   0x0000000000000200      0x37c ./source/hal_rf.o
 .debug_frame   0x000000000000057c       0xc8 ./source/hal_timer_32k.o
 .debug_frame   0x0000000000000644       0x54 ./source/main.o
 .debug_frame   0x0000000000000698       0x90 ./driverlib/source/cpu.o
 .debug_frame   0x0000000000000728      0x290 ./driverlib/source/interrupt.o
 .debug_frame   0x00000000000009b8      0x140 ./driverlib/source/sleepmode.o
 .debug_frame   0x0000000000000af8       0x7c ./driverlib/source/startup_gcc.o
